C:\Users\rob-f>cd dojoassignments

C:\Users\rob-f\DojoAssignments>git init
Initialized empty Git repository in C:/Users/rob-f/DojoAssignments/.git/

C:\Users\rob-f\DojoAssignments>git status
On branch master

Initial commit

Untracked files:
  (use "git add <file>..." to include in what will be committed)

        MEAN/
        Python/
        Ruby/
        WebFundamentals/
        assignments.txt
        iOS/
        netCore/

nothing added to commit but untracked files present (use "git add" to track)

C:\Users\rob-f\DojoAssignments>git add .

C:\Users\rob-f\DojoAssignments>git commit -m "adding all my folders"
[master (root-commit) 7abbcbe] adding all my folders
 12 files changed, 22 insertions(+)
 create mode 100644 MEAN/about.txt
 create mode 100644 Python/about.txt
 create mode 100644 Ruby/about.txt
 create mode 100644 WebFundamentals/CSS/about.txt
 create mode 100644 WebFundamentals/Git/about.txt
 create mode 100644 WebFundamentals/HTML/about.txt
 create mode 100644 WebFundamentals/HTML/indentation.html
 create mode 100644 WebFundamentals/Javascript/about.txt
 create mode 100644 WebFundamentals/about.txt
 create mode 100644 assignments.txt
 create mode 100644 iOS/about.txt
 create mode 100644 netCore/about.txt

C:\Users\rob-f\DojoAssignments>git remote add origin https://github.com/lametron/DojoAssignments.git

C:\Users\rob-f\DojoAssignments>git push -u origin master
Logon failed, use ctrl+c to cancel basic credential prompt.
Username for 'https://github.com/': git push -u origin master
Password for 'https://git push -u origin master@github.com/':
remote: Invalid username or password.
fatal: Authentication failed for 'https://github.com/lametron/DojoAssignments.git/'

C:\Users\rob-f\DojoAssignments>git push -u origin master
Counting objects: 7, done.
Delta compression using up to 4 threads.
Compressing objects: 100% (5/5), done.
Writing objects: 100% (7/7), 758 bytes | 0 bytes/s, done.
Total 7 (delta 0), reused 0 (delta 0)
To https://github.com/lametron/DojoAssignments.git
 * [new branch]      master -> master
Branch master set up to track remote branch master from origin.

C:\Users\rob-f\DojoAssignments>copy NUL readme.md
        1 file(s) copied.

C:\Users\rob-f\DojoAssignments>git status
On branch master
Your branch is up-to-date with 'origin/master'.
Untracked files:
  (use "git add <file>..." to include in what will be committed)

        readme.md

nothing added to commit but untracked files present (use "git add" to track)

C:\Users\rob-f\DojoAssignments>git add readme.md
warning: LF will be replaced by CRLF in readme.md.
The file will have its original line endings in your working directory.

C:\Users\rob-f\DojoAssignments>git commit -m "added readme info"
[master 5f001fc] added readme info
 1 file changed, 1 insertion(+)
 create mode 100644 readme.md

C:\Users\rob-f\DojoAssignments>git remote add origin https://github.com/lametron/DojoAssignments.git
fatal: remote origin already exists.

C:\Users\rob-f\DojoAssignments>git push -u origin master
Counting objects: 3, done.
Delta compression using up to 4 threads.
Compressing objects: 100% (2/2), done.
Writing objects: 100% (3/3), 296 bytes | 0 bytes/s, done.
Total 3 (delta 1), reused 0 (delta 0)
remote: Resolving deltas: 100% (1/1), completed with 1 local objects.
To https://github.com/lametron/DojoAssignments.git
   7abbcbe..5f001fc  master -> master
Branch master set up to track remote branch master from origin.
